>>> Starting API Verification...
Login successful. Token acquired.
Using Family ID: 11513c9f-53b4-4b22-b907-17604b319cae
Using Baby ID: 4fbeca60-91ad-4c86-bec4-181bfe7441a6
SUMMARY DATA RECEIVED: {
  "milkMl": 960,
  "diaperWet": 0,
  "diaperSoiled": 0,
  "sleepMinutes": 0,
  "lastFeedTime": "2026-01-31T09:03:19.205Z"
}
PASS: Get Summary
PASS: Summary has milkMl
PASS: Summary has diaperWet
Summary Response: {"milkMl":960,"diaperWet":0,"diaperSoiled":0,"sleepMinutes":0,"lastFeedTime":"2026-01-31T09:03:19.205Z"}
PASS: Get Trend
PASS: Trend is array
PASS: Trend has date
PASS: Trend has milk
Trend Response (first item): { date: '2026-01-25', milk: 0, solid: 0 }
Creating Record with: {"babyId":"4fbeca60-91ad-4c86-bec4-181bfe7441a6","type":"FEED","time":"2026-01-31T09:03:30.561Z","details":{"amount":150,"unit":"ml","subtype":"FORMULA"}}
PASS: Create Record
Created Record ID: ea607b42-f60d-4b8e-896f-c8fb60236ed4, Creator ID: undefined
Testing DTO Validation (expecting 400)...
node : Request failed: POST /records -> 400
所在位置 行:1 字符: 1
+ node test-endpoints.js > test_output.txt 2>&1; cat test_o
utput.txt
+ ~~~~~~~~~~~~~~~~~~~~~~~~~~~~~~~~~~~~~~~~~~~~~
    + CategoryInfo          : NotSpecified: (Request faile 
   d: POST /records -> 400:String) [], RemoteException
    + FullyQualifiedErrorId : NativeCommandError
 
Response: {"statusCode":400,"timestamp":"2026-01-31T09:03:3
0.573Z","path":"/records","method":"POST","message":["prope
rty baby_id should not exist","babyId must be a string","ty
pe must be one of the following values: FEED, SLEEP, DIAPER
","time must be a valid ISO 8601 date string"],"error":"Bad
 Request","code":"GENERIC_ERROR"}
PASS: Invalid Record Validated
Validation Error: [
  'property baby_id should not exist',
  'babyId must be a string',
  'type must be one of the following values: FEED, SLEEP, DIAPER',
  'time must be a valid ISO 8601 date string'
]
PASS: Update Record
PASS: Record Updated
Request failed: DELETE /records/ea607b42-f60d-4b8e-896f-c8f
b60236ed4 -> 403
Response: {"statusCode":403,"timestamp":"2026-01-31T09:03:3
0.588Z","path":"/records/ea607b42-f60d-4b8e-896f-c8fb60236e
d4","method":"DELETE","message":"Missing babyId (undefined)
 or user info (1b5bc797-081b-4d98-b898-38649d8f840d)","erro
r":"ForbiddenException","code":"AUTH_FORBIDDEN"}
FATAL ERROR: Error: Assertion Failed: Delete Record
    at assert (D:\Projects\BabyDaily\backend\test-endpoints
.js:56:15)
    at main (D:\Projects\BabyDaily\backend\test-endpoints.j
s:161:5)
    at process.processTicksAndRejections (node:internal/pro
cess/task_queues:103:5)
